// Jest Snapshot v1, https://goo.gl/fbAQLP

exports[`UserDropDown renders correctly 1`] = `
<ul
  className="dropdown-menu dropdown-user"
>
  <li>
    <a
      href="#"
    >
      <i
        className="fa fa-user fa-fw"
      />
       User Profile
    </a>
  </li>
  <li>
    <a
      href="#"
    >
      <i
        className="fa fa-gear fa-fw"
      />
       Settings
    </a>
  </li>
  <li
    className="divider"
  />
  <li>
    <a
      href="/auth#/logout"
    >
      <i
        className="fa fa-sign-out fa-fw"
      />
       Logout
    </a>
  </li>
</ul>
`;
